main.c:87:6:Ok_Mess	16	static
main.c:94:6:Start_Symbol	16	static
main.c:100:6:Stop_Symbol	16	static
main.c:106:6:ADC_Trigger_Mod	8	static
main.c:122:6:ADC_Stream_Mod	8	static
main.c:132:6:DAC_Write	24	static
main.c:150:5:main	8	static
main.c:203:6:SystemClock_Config	88	static
main.c:250:13:MX_ADC1_Init	24	static
main.c:295:13:MX_SPI1_Init	8	static
main.c:331:13:MX_DMA_Init	16	static
main.c:349:13:MX_GPIO_Init	40	static
main.c:392:6:CDC_ReciveCallBack	16	static
main.c:402:6:HAL_GPIO_EXTI_Callback	16	static,ignoring_inline_asm
main.c:415:7:HAL_ADC_ConvCpltCallback	16	static
main.c:459:6:HAL_ADC_ConvHalfCpltCallback	16	static
main.c:509:6:Error_Handler	4	static
